src/controllers/editorTemplateController.ts(724,36): error TS2345: Argument of type 'string | undefined' is not assignable to parameter of type 'string'.
  Type 'undefined' is not assignable to type 'string'.
src/controllers/editorTemplateController.ts(731,11): error TS2322: Type 'Response<any, Record<string, any>>' is not assignable to type 'void'.
src/controllers/fileController.ts(37,9): error TS7030: Not all code paths return a value.
src/controllers/fileController.ts(150,9): error TS7030: Not all code paths return a value.
src/controllers/fileController.ts(154,59): error TS2345: Argument of type 'string | undefined' is not assignable to parameter of type 'string'.
  Type 'undefined' is not assignable to type 'string'.
src/controllers/reportTemplateController.ts(77,9): error TS7030: Not all code paths return a value.
src/controllers/reportTemplateController.ts(146,9): error TS7030: Not all code paths return a value.
src/controllers/reportTemplateController.ts(196,9): error TS7030: Not all code paths return a value.
src/controllers/reportTemplateController.ts(246,9): error TS7030: Not all code paths return a value.
src/controllers/reportTemplateController.ts(326,9): error TS7030: Not all code paths return a value.
src/controllers/reportTemplateController.ts(409,51): error TS7030: Not all code paths return a value.
src/controllers/reportTemplateController.ts(509,9): error TS7030: Not all code paths return a value.
src/controllers/reportTemplateController.ts(563,9): error TS7030: Not all code paths return a value.
src/controllers/sensorController.ts(28,9): error TS7030: Not all code paths return a value.
src/controllers/sensorController.ts(104,9): error TS7030: Not all code paths return a value.
src/controllers/sensorController.ts(161,9): error TS7030: Not all code paths return a value.
src/controllers/sensorController.ts(188,9): error TS2375: Type '{ model: string; serialNumber: string; typeId: string; calibrationDate?: Date | undefined; }' is not assignable to type '(Without<SensorCreateInput, SensorUncheckedCreateInput> & SensorUncheckedCreateInput) | (Without<...> & SensorCreateInput)' with 'exactOptionalPropertyTypes: true'. Consider adding 'undefined' to the types of the target's properties.
  Type '{ model: string; serialNumber: string; typeId: string; calibrationDate?: Date | undefined; }' is not assignable to type 'Without<SensorCreateInput, SensorUncheckedCreateInput> & SensorUncheckedCreateInput' with 'exactOptionalPropertyTypes: true'. Consider adding 'undefined' to the types of the target's properties.
    Type '{ model: string; serialNumber: string; typeId: string; calibrationDate?: Date | undefined; }' is not assignable to type 'SensorUncheckedCreateInput' with 'exactOptionalPropertyTypes: true'. Consider adding 'undefined' to the types of the target's properties.
      Types of property 'calibrationDate' are incompatible.
        Type 'Date | undefined' is not assignable to type 'string | Date | null'.
          Type 'undefined' is not assignable to type 'string | Date | null'.
src/controllers/sensorController.ts(220,9): error TS7030: Not all code paths return a value.
src/controllers/sensorController.ts(307,9): error TS7030: Not all code paths return a value.
src/controllers/sensorTypeController.ts(50,9): error TS7030: Not all code paths return a value.
src/controllers/sensorTypeController.ts(55,9): error TS2375: Type '{ id: string | undefined; }' is not assignable to type 'SensorTypeWhereUniqueInput' with 'exactOptionalPropertyTypes: true'. Consider adding 'undefined' to the types of the target's properties.
  Type '{ id: string | undefined; }' is not assignable to type '{ id: string; } & { id?: string; AND?: SensorTypeWhereInput | SensorTypeWhereInput[]; OR?: SensorTypeWhereInput[]; ... 4 more ...; sensors?: SensorListRelationFilter; }'.
    Type '{ id: string | undefined; }' is not assignable to type '{ id: string; }'.
      Types of property 'id' are incompatible.
        Type 'string | undefined' is not assignable to type 'string'.
          Type 'undefined' is not assignable to type 'string'.
src/controllers/sensorTypeController.ts(93,9): error TS7030: Not all code paths return a value.
src/controllers/sensorTypeController.ts(139,9): error TS7030: Not all code paths return a value.
src/controllers/sensorTypeController.ts(146,9): error TS2375: Type '{ id: string | undefined; }' is not assignable to type 'SensorTypeWhereUniqueInput' with 'exactOptionalPropertyTypes: true'. Consider adding 'undefined' to the types of the target's properties.
  Type '{ id: string | undefined; }' is not assignable to type '{ id: string; } & { id?: string; AND?: SensorTypeWhereInput | SensorTypeWhereInput[]; OR?: SensorTypeWhereInput[]; ... 4 more ...; sensors?: SensorListRelationFilter; }'.
    Type '{ id: string | undefined; }' is not assignable to type '{ id: string; }'.
      Types of property 'id' are incompatible.
        Type 'string | undefined' is not assignable to type 'string'.
          Type 'undefined' is not assignable to type 'string'.
src/controllers/sensorTypeController.ts(160,13): error TS2322: Type '{ not: string | undefined; }' is not assignable to type 'string | StringFilter<"SensorType"> | undefined'.
  Type '{ not: string | undefined; }' is not assignable to type 'StringFilter<"SensorType">' with 'exactOptionalPropertyTypes: true'. Consider adding 'undefined' to the types of the target's properties.
    Types of property 'not' are incompatible.
      Type 'string | undefined' is not assignable to type 'string | NestedStringFilter<"SensorType">'.
        Type 'undefined' is not assignable to type 'string | NestedStringFilter<"SensorType">'.
src/controllers/sensorTypeController.ts(178,9): error TS2375: Type '{ id: string | undefined; }' is not assignable to type 'SensorTypeWhereUniqueInput' with 'exactOptionalPropertyTypes: true'. Consider adding 'undefined' to the types of the target's properties.
  Type '{ id: string | undefined; }' is not assignable to type '{ id: string; } & { id?: string; AND?: SensorTypeWhereInput | SensorTypeWhereInput[]; OR?: SensorTypeWhereInput[]; ... 4 more ...; sensors?: SensorListRelationFilter; }'.
    Type '{ id: string | undefined; }' is not assignable to type '{ id: string; }'.
      Types of property 'id' are incompatible.
        Type 'string | undefined' is not assignable to type 'string'.
          Type 'undefined' is not assignable to type 'string'.
src/controllers/sensorTypeController.ts(179,9): error TS2375: Type '{ description: string | null | undefined; name?: string | undefined; dataConfig?: { temperatureColumn: string; timestampColumn: string; startRow: number; dateFormat: string; hasHeader: boolean; separator: string; humidityColumn?: string | undefined; } | undefined; }' is not assignable to type '(Without<SensorTypeUpdateInput, SensorTypeUncheckedUpdateInput> & SensorTypeUncheckedUpdateInput) | (Without<...> & SensorTypeUpdateInput)' with 'exactOptionalPropertyTypes: true'. Consider adding 'undefined' to the types of the target's properties.
  Type '{ description: string | null | undefined; name?: string | undefined; dataConfig?: { temperatureColumn: string; timestampColumn: string; startRow: number; dateFormat: string; hasHeader: boolean; separator: string; humidityColumn?: string | undefined; } | undefined; }' is not assignable to type 'Without<SensorTypeUncheckedUpdateInput, SensorTypeUpdateInput> & SensorTypeUpdateInput' with 'exactOptionalPropertyTypes: true'. Consider adding 'undefined' to the types of the target's properties.
    Type '{ description: string | null | undefined; name?: string | undefined; dataConfig?: { temperatureColumn: string; timestampColumn: string; startRow: number; dateFormat: string; hasHeader: boolean; separator: string; humidityColumn?: string | undefined; } | undefined; }' is not assignable to type 'SensorTypeUpdateInput' with 'exactOptionalPropertyTypes: true'. Consider adding 'undefined' to the types of the target's properties.
      Types of property 'name' are incompatible.
        Type 'string | undefined' is not assignable to type 'string | StringFieldUpdateOperationsInput'.
          Type 'undefined' is not assignable to type 'string | StringFieldUpdateOperationsInput'.
src/controllers/sensorTypeController.ts(203,9): error TS7030: Not all code paths return a value.
src/controllers/sensorTypeController.ts(209,9): error TS2375: Type '{ id: string | undefined; }' is not assignable to type 'SensorTypeWhereUniqueInput' with 'exactOptionalPropertyTypes: true'. Consider adding 'undefined' to the types of the target's properties.
  Type '{ id: string | undefined; }' is not assignable to type '{ id: string; } & { id?: string; AND?: SensorTypeWhereInput | SensorTypeWhereInput[]; OR?: SensorTypeWhereInput[]; ... 4 more ...; sensors?: SensorListRelationFilter; }'.
    Type '{ id: string | undefined; }' is not assignable to type '{ id: string; }'.
      Types of property 'id' are incompatible.
        Type 'string | undefined' is not assignable to type 'string'.
          Type 'undefined' is not assignable to type 'string'.
src/controllers/sensorTypeController.ts(226,30): error TS2339: Property '_count' does not exist on type '{ name: string; id: string; description: string | null; dataConfig: JsonValue; }'.
src/controllers/sensorTypeController.ts(230,41): error TS2339: Property '_count' does not exist on type '{ name: string; id: string; description: string | null; dataConfig: JsonValue; }'.
src/controllers/sensorTypeController.ts(236,9): error TS2375: Type '{ id: string | undefined; }' is not assignable to type 'SensorTypeWhereUniqueInput' with 'exactOptionalPropertyTypes: true'. Consider adding 'undefined' to the types of the target's properties.
  Type '{ id: string | undefined; }' is not assignable to type '{ id: string; } & { id?: string; AND?: SensorTypeWhereInput | SensorTypeWhereInput[]; OR?: SensorTypeWhereInput[]; ... 4 more ...; sensors?: SensorListRelationFilter; }'.
    Type '{ id: string | undefined; }' is not assignable to type '{ id: string; }'.
      Types of property 'id' are incompatible.
        Type 'string | undefined' is not assignable to type 'string'.
          Type 'undefined' is not assignable to type 'string'.
src/controllers/suitcaseController.ts(29,9): error TS7030: Not all code paths return a value.
src/controllers/suitcaseController.ts(110,9): error TS7030: Not all code paths return a value.
src/controllers/suitcaseController.ts(181,9): error TS7030: Not all code paths return a value.
src/controllers/suitcaseController.ts(289,9): error TS7030: Not all code paths return a value.
src/controllers/suitcaseController.ts(426,9): error TS7030: Not all code paths return a value.
src/controllers/testController.ts(52,43): error TS18048: 'validation' is possibly 'undefined'.
src/controllers/testController.ts(55,60): error TS18048: 'validation' is possibly 'undefined'.
src/controllers/userController.ts(45,16): error TS7030: Not all code paths return a value.
src/controllers/userController.ts(110,16): error TS7030: Not all code paths return a value.
src/controllers/userController.ts(160,16): error TS7030: Not all code paths return a value.
src/controllers/userController.ts(202,16): error TS7030: Not all code paths return a value.
src/controllers/userController.ts(205,73): error TS2345: Argument of type 'string | undefined' is not assignable to parameter of type 'string'.
  Type 'undefined' is not assignable to type 'string'.
src/controllers/validationController.ts(45,9): error TS7030: Not all code paths return a value.
src/controllers/validationController.ts(137,9): error TS7030: Not all code paths return a value.
src/controllers/validationController.ts(142,9): error TS2375: Type '{ id: string | undefined; }' is not assignable to type 'ValidationWhereUniqueInput' with 'exactOptionalPropertyTypes: true'. Consider adding 'undefined' to the types of the target's properties.
  Type '{ id: string | undefined; }' is not assignable to type '{ id: string; } & { id?: string; AND?: ValidationWhereInput | ValidationWhereInput[]; OR?: ValidationWhereInput[]; ... 18 more ...; user?: (Without<...> & UserWhereInput) | (Without<...> & UserScalarRelationFilter); }'.
    Type '{ id: string | undefined; }' is not assignable to type '{ id: string; }'.
      Types of property 'id' are incompatible.
        Type 'string | undefined' is not assignable to type 'string'.
          Type 'undefined' is not assignable to type 'string'.
src/controllers/validationController.ts(250,9): error TS7030: Not all code paths return a value.
src/controllers/validationController.ts(284,77): error TS2379: Argument of type '{ minTemperature: number; maxTemperature: number; minHumidity: number | undefined; maxHumidity: number | undefined; }' is not assignable to parameter of type 'ValidationParameters' with 'exactOptionalPropertyTypes: true'. Consider adding 'undefined' to the types of the target's properties.
  Types of property 'minHumidity' are incompatible.
    Type 'number | undefined' is not assignable to type 'number'.
      Type 'undefined' is not assignable to type 'number'.
src/controllers/validationController.ts(298,9): error TS7030: Not all code paths return a value.
src/controllers/validationController.ts(347,9): error TS2379: Argument of type '{ minTemperature: number; maxTemperature: number; minHumidity?: number | undefined; maxHumidity?: number | undefined; }' is not assignable to parameter of type 'ValidationParameters' with 'exactOptionalPropertyTypes: true'. Consider adding 'undefined' to the types of the target's properties.
  Types of property 'minHumidity' are incompatible.
    Type 'number | undefined' is not assignable to type 'number'.
      Type 'undefined' is not assignable to type 'number'.
src/controllers/validationController.ts(395,9): error TS7030: Not all code paths return a value.
src/controllers/validationController.ts(430,9): error TS7030: Not all code paths return a value.
src/middleware/cacheMiddleware.ts(209,10): error TS7030: Not all code paths return a value.
src/routes/monitoring.ts(62,33): error TS7030: Not all code paths return a value.
src/routes/monitoring.ts(183,28): error TS7030: Not all code paths return a value.
src/routes/reportRoutes.ts(3,32): error TS2307: Cannot find module '../middleware/authMiddleware.js' or its corresponding type declarations.
src/services/auditService.ts(78,25): error TS2379: Argument of type '{ action: string; resource: string; resourceId: string | undefined; userId: string; userEmail: string; ip: string; userAgent: string | undefined; oldValues: Record<string, any> | undefined; newValues: Record<...> | undefined; metadata: Record<...> | undefined; success: true; }' is not assignable to parameter of type 'AuditEvent' with 'exactOptionalPropertyTypes: true'. Consider adding 'undefined' to the types of the target's properties.
  Types of property 'resourceId' are incompatible.
    Type 'string | undefined' is not assignable to type 'string | null'.
      Type 'undefined' is not assignable to type 'string | null'.
src/services/auditService.ts(104,25): error TS2379: Argument of type '{ action: string; resource: string; resourceId: string | undefined; userId: string | undefined; userEmail: string | undefined; ip: string | undefined; userAgent: string | undefined; metadata: Record<...> | undefined; success: false; errorMessage: string; }' is not assignable to parameter of type 'AuditEvent' with 'exactOptionalPropertyTypes: true'. Consider adding 'undefined' to the types of the target's properties.
  Types of property 'resourceId' are incompatible.
    Type 'string | undefined' is not assignable to type 'string | null'.
      Type 'undefined' is not assignable to type 'string | null'.
src/services/auditService.ts(120,25): error TS2379: Argument of type '{ action: string; resource: string; userId: string; userEmail: string; ip: string; userAgent: string | undefined; success: boolean; errorMessage: string | undefined; }' is not assignable to parameter of type 'AuditEvent' with 'exactOptionalPropertyTypes: true'. Consider adding 'undefined' to the types of the target's properties.
  Types of property 'userAgent' are incompatible.
    Type 'string | undefined' is not assignable to type 'string | null'.
      Type 'undefined' is not assignable to type 'string | null'.
src/services/auditService.ts(133,25): error TS2379: Argument of type '{ action: string; resource: string; userId: string; userEmail: string; ip: string; userAgent: string | undefined; success: true; }' is not assignable to parameter of type 'AuditEvent' with 'exactOptionalPropertyTypes: true'. Consider adding 'undefined' to the types of the target's properties.
  Types of property 'userAgent' are incompatible.
    Type 'string | undefined' is not assignable to type 'string | null'.
      Type 'undefined' is not assignable to type 'string | null'.
src/services/auditService.ts(153,25): error TS2379: Argument of type '{ action: string; resource: string; resourceId: string; userId: string; userEmail: string; ip: string; userAgent: string | undefined; newValues: Record<string, any>; success: true; }' is not assignable to parameter of type 'AuditEvent' with 'exactOptionalPropertyTypes: true'. Consider adding 'undefined' to the types of the target's properties.
  Types of property 'userAgent' are incompatible.
    Type 'string | undefined' is not assignable to type 'string | null'.
      Type 'undefined' is not assignable to type 'string | null'.
src/services/auditService.ts(176,25): error TS2379: Argument of type '{ action: string; resource: string; resourceId: string; userId: string; userEmail: string; ip: string; userAgent: string | undefined; oldValues: Record<string, any>; newValues: Record<string, any>; success: true; }' is not assignable to parameter of type 'AuditEvent' with 'exactOptionalPropertyTypes: true'. Consider adding 'undefined' to the types of the target's properties.
  Types of property 'userAgent' are incompatible.
    Type 'string | undefined' is not assignable to type 'string | null'.
      Type 'undefined' is not assignable to type 'string | null'.
src/services/auditService.ts(199,25): error TS2379: Argument of type '{ action: string; resource: string; resourceId: string; userId: string; userEmail: string; ip: string; userAgent: string | undefined; oldValues: Record<string, any>; success: true; }' is not assignable to parameter of type 'AuditEvent' with 'exactOptionalPropertyTypes: true'. Consider adding 'undefined' to the types of the target's properties.
  Types of property 'userAgent' are incompatible.
    Type 'string | undefined' is not assignable to type 'string | null'.
      Type 'undefined' is not assignable to type 'string | null'.
src/services/auditService.ts(222,25): error TS2379: Argument of type '{ action: string; resource: string; userId: string; userEmail: string; ip: string; userAgent: string | undefined; metadata: { fileName: string; fileSize: number; }; success: boolean; errorMessage: string | undefined; }' is not assignable to parameter of type 'AuditEvent' with 'exactOptionalPropertyTypes: true'. Consider adding 'undefined' to the types of the target's properties.
  Types of property 'userAgent' are incompatible.
    Type 'string | undefined' is not assignable to type 'string | null'.
      Type 'undefined' is not assignable to type 'string | null'.
src/services/auditService.ts(248,25): error TS2379: Argument of type '{ action: string; resource: string; resourceId: string; userId: string; userEmail: string; ip: string; userAgent: string | undefined; metadata: { templateId: string; }; success: boolean; errorMessage: string | undefined; }' is not assignable to parameter of type 'AuditEvent' with 'exactOptionalPropertyTypes: true'. Consider adding 'undefined' to the types of the target's properties.
  Types of property 'userAgent' are incompatible.
    Type 'string | undefined' is not assignable to type 'string | null'.
      Type 'undefined' is not assignable to type 'string | null'.
src/services/auditService.ts(272,25): error TS2379: Argument of type '{ action: string; resource: string; resourceId: string; userId: string; userEmail: string; ip: string; userAgent: string | undefined; metadata: { approved: boolean; }; success: true; }' is not assignable to parameter of type 'AuditEvent' with 'exactOptionalPropertyTypes: true'. Consider adding 'undefined' to the types of the target's properties.
  Types of property 'userAgent' are incompatible.
    Type 'string | undefined' is not assignable to type 'string | null'.
      Type 'undefined' is not assignable to type 'string | null'.
src/services/fileProcessorService.ts(201,30): error TS2345: Argument of type 'Buffer<ArrayBufferLike>' is not assignable to parameter of type 'Buffer'.
  The types of 'slice(...)[Symbol.toStringTag]' are incompatible between these types.
    Type '"Uint8Array"' is not assignable to type '"ArrayBuffer"'.
src/services/fileProcessorService.ts(284,46): error TS18048: 'row' is possibly 'undefined'.
src/services/fileProcessorService.ts(294,39): error TS18048: 'row' is possibly 'undefined'.
src/services/fileProcessorService.ts(299,47): error TS18048: 'row' is possibly 'undefined'.
src/services/performanceService.ts(290,32): error TS2683: 'this' implicitly has type 'any' because it does not have a type annotation.
src/services/reportGenerationService.ts(269,50): error TS18046: 'error' is of type 'unknown'.
src/services/reportService.ts(213,50): error TS2379: Argument of type '{ where: { clientId: string; }; take: number | undefined; include: { validation: { select: { id: true; name: true; isApproved: true; }; }; template: { select: { id: true; name: true; }; }; user: { select: { id: true; name: true; }; }; }; orderBy: { ...; }; }' is not assignable to parameter of type '{ select?: ReportSelect<DefaultArgs> | null; omit?: ReportOmit<DefaultArgs> | null; include?: ReportInclude<DefaultArgs> | null; ... 5 more ...; distinct?: ReportScalarFieldEnum | ReportScalarFieldEnum[]; }' with 'exactOptionalPropertyTypes: true'. Consider adding 'undefined' to the types of the target's properties.
  Types of property 'take' are incompatible.
    Type 'number | undefined' is not assignable to type 'number'.
      Type 'undefined' is not assignable to type 'number'.
src/services/reportService.ts(244,50): error TS2379: Argument of type '{ where: { status: $Enums.ReportStatus; }; take: number | undefined; include: { client: { select: { id: true; name: true; }; }; validation: { select: { id: true; name: true; }; }; user: { select: { id: true; name: true; }; }; }; orderBy: { ...; }; }' is not assignable to parameter of type '{ select?: ReportSelect<DefaultArgs> | null; omit?: ReportOmit<DefaultArgs> | null; include?: ReportInclude<DefaultArgs> | null; ... 5 more ...; distinct?: ReportScalarFieldEnum | ReportScalarFieldEnum[]; }' with 'exactOptionalPropertyTypes: true'. Consider adding 'undefined' to the types of the target's properties.
  Types of property 'take' are incompatible.
    Type 'number | undefined' is not assignable to type 'number'.
      Type 'undefined' is not assignable to type 'number'.
src/services/reportService.ts(405,7): error TS2322: Type '{ name: string; id: string; email: string | null; createdAt: Date; updatedAt: Date; phone: string | null; address: string | null; cnpj: string | null; }' is not assignable to type '{ id: string; name: string; email?: string; phone?: string; address?: string; cnpj?: string; }'.
  Types of property 'email' are incompatible.
    Type 'string | null' is not assignable to type 'string'.
      Type 'null' is not assignable to type 'string'.
src/services/reportService.ts(406,7): error TS2322: Type '{ sensorData: ({ sensor: { type: { name: string; }; } & { model: string; id: string; createdAt: Date; updatedAt: Date; serialNumber: string; typeId: string; calibrationDate: Date | null; }; } & { ...; })[]; } & { ...; }' is not assignable to type '{ id: string; name: string; description?: string; minTemperature: number; maxTemperature: number; minHumidity?: number; maxHumidity?: number; isApproved?: boolean; statistics?: any; createdAt: Date; updatedAt: Date; }'.
  Types of property 'description' are incompatible.
    Type 'string | null' is not assignable to type 'string'.
      Type 'null' is not assignable to type 'string'.
src/services/reportService.ts(407,7): error TS2322: Type '({ sensor: { type: { name: string; }; } & { model: string; id: string; createdAt: Date; updatedAt: Date; serialNumber: string; typeId: string; calibrationDate: Date | null; }; } & { ...; })[]' is not assignable to type '{ id: string; sensorId: string; timestamp: Date; temperature: number; humidity?: number; fileName: string; sensor: { serialNumber: string; model: string; type: { name: string; }; }; }[]'.
  Type '{ sensor: { type: { name: string; }; } & { model: string; id: string; createdAt: Date; updatedAt: Date; serialNumber: string; typeId: string; calibrationDate: Date | null; }; } & { ...; }' is not assignable to type '{ id: string; sensorId: string; timestamp: Date; temperature: number; humidity?: number; fileName: string; sensor: { serialNumber: string; model: string; type: { name: string; }; }; }'.
    Types of property 'humidity' are incompatible.
      Type 'number | null' is not assignable to type 'number'.
        Type 'null' is not assignable to type 'number'.
src/services/reportService.ts(477,7): error TS2322: Type '{ name: string; id: string; email: string | null; createdAt: Date; updatedAt: Date; phone: string | null; address: string | null; cnpj: string | null; }' is not assignable to type '{ id: string; name: string; email?: string; phone?: string; address?: string; cnpj?: string; }'.
  Types of property 'email' are incompatible.
    Type 'string | null' is not assignable to type 'string'.
      Type 'null' is not assignable to type 'string'.
src/services/reportService.ts(478,7): error TS2322: Type '{ sensorData: ({ sensor: { type: { name: string; }; } & { model: string; id: string; createdAt: Date; updatedAt: Date; serialNumber: string; typeId: string; calibrationDate: Date | null; }; } & { ...; })[]; } & { ...; }' is not assignable to type '{ id: string; name: string; description?: string; minTemperature: number; maxTemperature: number; minHumidity?: number; maxHumidity?: number; isApproved?: boolean; statistics?: any; createdAt: Date; updatedAt: Date; }'.
  Types of property 'description' are incompatible.
    Type 'string | null' is not assignable to type 'string'.
      Type 'null' is not assignable to type 'string'.
src/services/reportService.ts(479,7): error TS2322: Type '({ sensor: { type: { name: string; }; } & { model: string; id: string; createdAt: Date; updatedAt: Date; serialNumber: string; typeId: string; calibrationDate: Date | null; }; } & { ...; })[]' is not assignable to type '{ id: string; sensorId: string; timestamp: Date; temperature: number; humidity?: number; fileName: string; sensor: { serialNumber: string; model: string; type: { name: string; }; }; }[]'.
  Type '{ sensor: { type: { name: string; }; } & { model: string; id: string; createdAt: Date; updatedAt: Date; serialNumber: string; typeId: string; calibrationDate: Date | null; }; } & { ...; }' is not assignable to type '{ id: string; sensorId: string; timestamp: Date; temperature: number; humidity?: number; fileName: string; sensor: { serialNumber: string; model: string; type: { name: string; }; }; }'.
    Types of property 'humidity' are incompatible.
      Type 'number | null' is not assignable to type 'number'.
        Type 'null' is not assignable to type 'number'.
src/services/validationService.ts(86,5): error TS2375: Type '{ totalReadings: number; validReadings: number; invalidReadings: any; conformityPercentage: number; temperature: { min: number; max: number; average: number; standardDeviation: number; outOfRangeCount: number; }; humidity: { ...; } | undefined; timeRange: { ...; }; }' is not assignable to type 'ValidationStatistics' with 'exactOptionalPropertyTypes: true'. Consider adding 'undefined' to the types of the target's properties.
  Types of property 'humidity' are incompatible.
    Type '{ min: any; max: any; average: any; standardDeviation: any; outOfRangeCount: any; } | undefined' is not assignable to type '{ min: number; max: number; average: number; standardDeviation: number; outOfRangeCount: number; }'.
      Type 'undefined' is not assignable to type '{ min: number; max: number; average: number; standardDeviation: number; outOfRangeCount: number; }'.
src/utils/__tests__/dateUtils.test.ts(5,3): error TS2322: Type 'string | undefined' is not assignable to type 'string'.
  Type 'undefined' is not assignable to type 'string'.
